Exam Generated Successfully!
Expected failure (not enough questions): Error: Not enough questions in the bank for this course.
Exam Answers Submitted Successfully!
Exam Corrected and Grade Updated Successfully!
Exam Answers Submitted Successfully!
Exam Corrected and Grade Updated Successfully!
CourseName                                                                                           ExamName                                                                                                                                               TotalGrade  MaxDegree   Percentage*
---------------------------------------------------------------------------------------------------- ------------------------------------------------------------------------------------------------------------------------------------------------------ ----------- ----------- ----------------------
SQL Server Fundamentals                                                                              SQL Fundamentals - Midterm                                                                                                                             85          100         85
SQL Server Fundamentals                                                                              SQL Fundamentals - Final                                                                                                                               88          100         88
SQL Server Fundamentals                                                                              Sample Exam - Auto                                                                                                                                     25          100         25
SQL Server Fundamentals                                                                              Sample Exam - Auto                                                                                                                                     25          100         25
SQL Server Fundamentals                                                                              Sample Exam - Auto                                                                                                                                     25          100         25

(5 rows affected)

CourseName                                                                                           TrackName                                                                                            StudentCount
---------------------------------------------------------------------------------------------------- ---------------------------------------------------------------------------------------------------- ------------
Advanced SQL Queries                                                                                 Cloud Computing                                                                                      3
SQL Server Fundamentals                                                                              Cloud Computing                                                                                      3
Advanced SQL Queries                                                                                 Cybersecurity                                                                                        0
SQL Server Fundamentals                                                                              Cybersecurity                                                                                        0
Advanced SQL Queries                                                                                 Data Science                                                                                         3
Advanced SQL Queries                                                                                 Database Administration                                                                              5
Database Design                                                                                      Database Administration                                                                              5
SQL Server Fundamentals                                                                              Database Administration                                                                              5
Warning: Null value is eliminated by an aggregate or other SET operation.

(8 rows affected)

StudentID   Name                                                                                                 Email                                                                                                                                                                                                                                                           Phone                TrackName                                                                                            BranchName
----------- ---------------------------------------------------------------------------------------------------- --------------------------------------------------------------------------------------------------------------------------------------------------------------------------------------------------------------------------------------------------------------- -------------------- ---------------------------------------------------------------------------------------------------- ----------------------------------------------------------------------------------------------------
1           Mohamed Ali                                                                                          student1@iti.edu.eg                                                                                                                                                                                                                                             01001234567          Web Development                                                                                      Cairo Branch
2           Fatma Ahmed                                                                                          student2@iti.edu.eg                                                                                                                                                                                                                                             01001234568          Web Development                                                                                      Cairo Branch
3           Ali Mahmoud                                                                                          student3@iti.edu.eg                                                                                                                                                                                                                                             01001234569          Web Development                                                                                      Cairo Branch
4           Sara Hassan                                                                                          student4@iti.edu.eg                                                                                                                                                                                                                                             01001234570          Web Development                                                                                      Cairo Branch
5           Ahmed Ibrahim                                                                                        student5@iti.edu.eg                                                                                                                                                                                                                                             01001234571          Web Development                                                                                      Cairo Branch
6           Layla Omar                                                                                           student6@iti.edu.eg                                                                                                                                                                                                                                             01001234572          Database Administration                                                                              Cairo Branch
7           Mahmoud Salem                                                                                        student7@iti.edu.eg                                                                                                                                                                                                                                             01001234573          Database Administration                                                                              Cairo Branch
8           Nour Khaled                                                                                          student8@iti.edu.eg                                                                                                                                                                                                                                             01001234574          Database Administration                                                                              Cairo Branch
9           Hassan Mohamed                                                                                       student9@iti.edu.eg                                                                                                                                                                                                                                             01001234575          Database Administration                                                                              Cairo Branch
10          Maryam Yassin                                                                                        student10@iti.edu.eg                                                                                                                                                                                                                                            01001234576          Database Administration                                                                              Cairo Branch
11          Omar Farouk                                                                                          student11@iti.edu.eg                                                                                                                                                                                                                                            01001234577          Mobile Development                                                                                   Alexandria Branch
12          Dina Osama                                                                                           student12@iti.edu.eg                                                                                                                                                                                                                                            01001234578          Mobile Development                                                                                   Alexandria Branch
13          Khaled Hussein                                                                                       student13@iti.edu.eg                                                                                                                                                                                                                                            01001234579          Mobile Development                                                                                   Alexandria Branch
14          Rana Mahmoud                                                                                         student14@iti.edu.eg                                                                                                                                                                                                                                            01001234580          Mobile Development                                                                                   Alexandria Branch
15          Ibrahim Ali                                                                                          student15@iti.edu.eg                                                                                                                                                                                                                                            01001234581          Cloud Computing                                                                                      Alexandria Branch
16          Yasmine Ahmed                                                                                        student16@iti.edu.eg                                                                                                                                                                                                                                            01001234582          Cloud Computing                                                                                      Alexandria Branch
17          Sami Mohamed                                                                                         student17@iti.edu.eg                                                                                                                                                                                                                                            01001234583          Cloud Computing                                                                                      Alexandria Branch
18          Hana Hassan                                                                                          student18@iti.edu.eg                                                                                                                                                                                                                                            01001234584          Data Science                                                                                         Giza Branch
19          Tarek Ibrahim                                                                                        student19@iti.edu.eg                                                                                                                                                                                                                                            01001234585          Data Science                                                                                         Giza Branch
20          Reem Ali                                                                                             student20@iti.edu.eg                                                                                                                                                                                                                                            01001234586          Data Science                                                                                         Giza Branch

(20 rows affected)


Completion time: 2026-03-17T10:38:10.5240090+02:00
